[themes.gohugo.io/theme/hugo-resume/index.html]
[backblue.gif]
[fade.gif]
[index.html]
[themes.gohugo.io/theme/hugo-resume/img/TechChat.png]
[cdnjs.cloudflare.com/ajax/libs/twitter-bootstrap/4.0.0/css/bootstrap.min.css]
[use.fontawesome.com/releases/v5.12.1/css/all.css]
[cdnjs.cloudflare.com/ajax/libs/devicons/1.8.0/css/devicons.min.css]
[cdnjs.cloudflare.com/ajax/libs/simple-line-icons/2.4.1/css/simple-line-icons.min.css]
[themes.gohugo.io/theme/hugo-resume/css/resume.css]
[themes.gohugo.io/theme/hugo-resume/css/tweaks.css]
[themes.gohugo.io/theme/hugo-resume/css/resume-override.css]
[themes.gohugo.io/theme/hugo-resume/tags/node.html]
[cdnjs.cloudflare.com/ajax/libs/jquery/3.3.1/jquery.min.js]
[cdnjs.cloudflare.com/ajax/libs/twitter-bootstrap/4.0.0/js/bootstrap.bundle.min.js]
[cdnjs.cloudflare.com/ajax/libs/jquery-easing/1.4.1/jquery.easing.min.js]
[themes.gohugo.io/theme/hugo-resume/js/resume.js]
[themes.gohugo.io/theme/hugo-resume/index.html]
[cdnjs.cloudflare.com/ajax/libs/twitter-bootstrap/4.0.0/css/bootstrap.min.css]
[use.fontawesome.com/releases/v5.12.1/css/all.css]
[cdnjs.cloudflare.com/ajax/libs/devicons/1.8.0/css/devicons.min.css]
[cdnjs.cloudflare.com/ajax/libs/simple-line-icons/2.4.1/css/simple-line-icons.min.css]
[themes.gohugo.io/theme/hugo-resume/css/resume.css]
[themes.gohugo.io/theme/hugo-resume/css/tweaks.css]
[themes.gohugo.io/theme/hugo-resume/css/resume-override.html]
[themes.gohugo.io/theme/hugo-resume/tags/node.html]
